insert research/records/n38_450_ud1_38_38-1l8x1qx7on4je.json n=38 exact T=450
  base T=450 V=697 sweep 4.3s best float=469
  saved research/n39_candidates/exins/n39_469_exins_n38_450_ud1_38_38-1l8x1qx7on4je.json
lns lns/n39_470_k2-38-1v8mw732nh41m-lns_final.json n=39 exact T=470
  remove 0: base38 T=434 best reinsertion float=470 exact=470
  remove 1: base38 T=434 best reinsertion float=470 exact=470
  remove 2: base38 T=434 best reinsertion float=470 exact=470
  remove 3: base38 T=434 best reinsertion float=470 exact=470
  remove 4: base38 T=434 best reinsertion float=470 exact=470
  remove 5: base38 T=434 best reinsertion float=470 exact=470
  remove 6: base38 T=434 best reinsertion float=470 exact=470
  remove 7: base38 T=434 best reinsertion float=470 exact=470
  remove 8: base38 T=434 best reinsertion float=470 exact=470
  remove 9: base38 T=434 best reinsertion float=470 exact=470
  remove 10: base38 T=434 best reinsertion float=470 exact=470
  remove 11: base38 T=434 best reinsertion float=470 exact=470
  remove 12: base38 T=449 best reinsertion float=470 exact=470
  remove 13: base38 T=433 best reinsertion float=470 exact=470
  remove 14: base38 T=433 best reinsertion float=470 exact=470
  remove 15: base38 T=450 best reinsertion float=470 exact=470
  remove 16: base38 T=433 best reinsertion float=470 exact=470
  remove 17: base38 T=433 best reinsertion float=470 exact=470
  remove 18: base38 T=433 best reinsertion float=470 exact=470
  remove 19: base38 T=433 best reinsertion float=470 exact=470
  remove 20: base38 T=433 best reinsertion float=470 exact=470
  remove 21: base38 T=433 best reinsertion float=470 exact=470
  remove 22: base38 T=433 best reinsertion float=470 exact=470
  remove 23: base38 T=433 best reinsertion float=470 exact=470
  remove 24: base38 T=433 best reinsertion float=470 exact=470
  remove 25: base38 T=433 best reinsertion float=470 exact=470
  remove 26: base38 T=433 best reinsertion float=470 exact=470
  remove 27: base38 T=433 best reinsertion float=470 exact=470
  remove 28: base38 T=433 best reinsertion float=470 exact=470
  remove 29: base38 T=433 best reinsertion float=470 exact=470
  remove 30: base38 T=433 best reinsertion float=470 exact=470
  remove 31: base38 T=433 best reinsertion float=470 exact=470
  remove 32: base38 T=433 best reinsertion float=470 exact=470
  remove 33: base38 T=433 best reinsertion float=470 exact=470
  remove 34: base38 T=433 best reinsertion float=470 exact=470
  remove 35: base38 T=433 best reinsertion float=470 exact=470
  remove 36: base38 T=433 best reinsertion float=470 exact=470
  remove 37: base38 T=433 best reinsertion float=470 exact=470
  remove 38: base38 T=433 best reinsertion float=470 exact=470
lns lns/n39_470_k2-38-2jwrwxg032wq0-lns_final.json n=39 exact T=470
  remove 0: base38 T=434 best reinsertion float=470 exact=470
  remove 1: base38 T=434 best reinsertion float=470 exact=470
  remove 2: base38 T=434 best reinsertion float=470 exact=470
  remove 3: base38 T=434 best reinsertion float=470 exact=470
  remove 4: base38 T=434 best reinsertion float=470 exact=470
  remove 5: base38 T=434 best reinsertion float=470 exact=470
  remove 6: base38 T=434 best reinsertion float=470 exact=470
  remove 7: base38 T=434 best reinsertion float=470 exact=470
  remove 8: base38 T=441 best reinsertion float=470 exact=470
  remove 9: base38 T=433 best reinsertion float=470 exact=470
  remove 10: base38 T=433 best reinsertion float=470 exact=470
  remove 11: base38 T=433 best reinsertion float=470 exact=470
  remove 12: base38 T=433 best reinsertion float=470 exact=470
  remove 13: base38 T=433 best reinsertion float=470 exact=470
  remove 14: base38 T=433 best reinsertion float=470 exact=470
  remove 15: base38 T=433 best reinsertion float=470 exact=470
  remove 16: base38 T=433 best reinsertion float=470 exact=470
  remove 17: base38 T=433 best reinsertion float=470 exact=470
  remove 18: base38 T=433 best reinsertion float=470 exact=470
  remove 19: base38 T=441 best reinsertion float=470 exact=470
  remove 20: base38 T=433 best reinsertion float=470 exact=470
  remove 21: base38 T=433 best reinsertion float=470 exact=470
  remove 22: base38 T=433 best reinsertion float=470 exact=470
  remove 23: base38 T=433 best reinsertion float=470 exact=470
  remove 24: base38 T=433 best reinsertion float=470 exact=470
  remove 25: base38 T=450 best reinsertion float=470 exact=470
  remove 26: base38 T=433 best reinsertion float=470 exact=470
  remove 27: base38 T=433 best reinsertion float=470 exact=470
  remove 28: base38 T=433 best reinsertion float=470 exact=470
  remove 29: base38 T=433 best reinsertion float=470 exact=470
  remove 30: base38 T=433 best reinsertion float=470 exact=470
  remove 31: base38 T=433 best reinsertion float=470 exact=470
  remove 32: base38 T=433 best reinsertion float=470 exact=470
  remove 33: base38 T=433 best reinsertion float=470 exact=470
  remove 34: base38 T=433 best reinsertion float=470 exact=470
  remove 35: base38 T=433 best reinsertion float=470 exact=470
  remove 36: base38 T=433 best reinsertion float=470 exact=470
  remove 37: base38 T=433 best reinsertion float=470 exact=470
  remove 38: base38 T=433 best reinsertion float=470 exact=470
lns lns/n39_470_k2-38-74kq3v76alw-lns_final.json n=39 exact T=470
  remove 0: base38 T=434 best reinsertion float=470 exact=470
  remove 1: base38 T=434 best reinsertion float=470 exact=470
  remove 2: base38 T=434 best reinsertion float=470 exact=470
  remove 3: base38 T=434 best reinsertion float=470 exact=470
  remove 4: base38 T=434 best reinsertion float=470 exact=470
  remove 5: base38 T=434 best reinsertion float=470 exact=470
  remove 6: base38 T=434 best reinsertion float=470 exact=470
  remove 7: base38 T=434 best reinsertion float=470 exact=470
  remove 8: base38 T=434 best reinsertion float=470 exact=470
  remove 9: base38 T=434 best reinsertion float=470 exact=470
  remove 10: base38 T=440 best reinsertion float=470 exact=470
  remove 11: base38 T=433 best reinsertion float=470 exact=470
  remove 12: base38 T=433 best reinsertion float=470 exact=470
  remove 13: base38 T=433 best reinsertion float=470 exact=470
  remove 14: base38 T=450 best reinsertion float=470 exact=470
  remove 15: base38 T=433 best reinsertion float=470 exact=470
  remove 16: base38 T=433 best reinsertion float=470 exact=470
  remove 17: base38 T=433 best reinsertion float=470 exact=470
  remove 18: base38 T=433 best reinsertion float=470 exact=470
  remove 19: base38 T=433 best reinsertion float=470 exact=470
  remove 20: base38 T=433 best reinsertion float=470 exact=470
  remove 21: base38 T=433 best reinsertion float=470 exact=470
  remove 22: base38 T=433 best reinsertion float=470 exact=470
  remove 23: base38 T=433 best reinsertion float=470 exact=470
  remove 24: base38 T=433 best reinsertion float=470 exact=470
  remove 25: base38 T=433 best reinsertion float=470 exact=470
  remove 26: base38 T=433 best reinsertion float=470 exact=470
  remove 27: base38 T=433 best reinsertion float=470 exact=470
  remove 28: base38 T=433 best reinsertion float=470 exact=470
  remove 29: base38 T=433 best reinsertion float=470 exact=470
  remove 30: base38 T=433 best reinsertion float=470 exact=470
  remove 31: base38 T=433 best reinsertion float=470 exact=470
  remove 32: base38 T=433 best reinsertion float=470 exact=470
  remove 33: base38 T=442 best reinsertion float=470 exact=470
  remove 34: base38 T=433 best reinsertion float=470 exact=470
  remove 35: base38 T=433 best reinsertion float=470 exact=470
  remove 36: base38 T=433 best reinsertion float=470 exact=470
  remove 37: base38 T=433 best reinsertion float=470 exact=470
  remove 38: base38 T=433 best reinsertion float=470 exact=470
lns lns/n39_470_l470-38-1v8mw732nh41m-lns_final.json n=39 exact T=470
  remove 0: base38 T=434 best reinsertion float=470 exact=470
  remove 1: base38 T=434 best reinsertion float=470 exact=470
  remove 2: base38 T=434 best reinsertion float=470 exact=470
  remove 3: base38 T=434 best reinsertion float=470 exact=470
  remove 4: base38 T=434 best reinsertion float=470 exact=470
  remove 5: base38 T=434 best reinsertion float=470 exact=470
  remove 6: base38 T=434 best reinsertion float=470 exact=470
  remove 7: base38 T=434 best reinsertion float=470 exact=470
  remove 8: base38 T=434 best reinsertion float=470 exact=470
  remove 9: base38 T=434 best reinsertion float=470 exact=470
  remove 10: base38 T=434 best reinsertion float=470 exact=470
  remove 11: base38 T=434 best reinsertion float=470 exact=470
  remove 12: base38 T=449 best reinsertion float=470 exact=470
  remove 13: base38 T=433 best reinsertion float=470 exact=470
  remove 14: base38 T=433 best reinsertion float=470 exact=470
  remove 15: base38 T=433 best reinsertion float=470 exact=470
  remove 16: base38 T=433 best reinsertion float=470 exact=470
  remove 17: base38 T=433 best reinsertion float=470 exact=470
  remove 18: base38 T=433 best reinsertion float=470 exact=470
  remove 19: base38 T=433 best reinsertion float=470 exact=470
  remove 20: base38 T=433 best reinsertion float=470 exact=470
  remove 21: base38 T=433 best reinsertion float=470 exact=470
  remove 22: base38 T=433 best reinsertion float=470 exact=470
  remove 23: base38 T=433 best reinsertion float=470 exact=470
  remove 24: base38 T=433 best reinsertion float=470 exact=470
  remove 25: base38 T=450 best reinsertion float=470 exact=470
  remove 26: base38 T=433 best reinsertion float=470 exact=470
  remove 27: base38 T=433 best reinsertion float=470 exact=470
  remove 28: base38 T=433 best reinsertion float=470 exact=470
  remove 29: base38 T=433 best reinsertion float=470 exact=470
  remove 30: base38 T=433 best reinsertion float=470 exact=470
  remove 31: base38 T=433 best reinsertion float=470 exact=470
  remove 32: base38 T=433 best reinsertion float=470 exact=470
  remove 33: base38 T=433 best reinsertion float=470 exact=470
  remove 34: base38 T=433 best reinsertion float=470 exact=470
  remove 35: base38 T=433 best reinsertion float=470 exact=470
  remove 36: base38 T=433 best reinsertion float=470 exact=470
  remove 37: base38 T=433 best reinsertion float=470 exact=470
  remove 38: base38 T=433 best reinsertion float=470 exact=470
lns lns/n39_470_l470-38-2jwrwxg032wq0-lns_final.json n=39 exact T=470
  remove 0: base38 T=434 best reinsertion float=470 exact=470
  remove 1: base38 T=434 best reinsertion float=470 exact=470
  remove 2: base38 T=434 best reinsertion float=470 exact=470
  remove 3: base38 T=434 best reinsertion float=470 exact=470
  remove 4: base38 T=434 best reinsertion float=470 exact=470
  remove 5: base38 T=434 best reinsertion float=470 exact=470
  remove 6: base38 T=434 best reinsertion float=470 exact=470
  remove 7: base38 T=434 best reinsertion float=470 exact=470
  remove 8: base38 T=440 best reinsertion float=470 exact=470
  remove 9: base38 T=433 best reinsertion float=470 exact=470
  remove 10: base38 T=433 best reinsertion float=470 exact=470
  remove 11: base38 T=433 best reinsertion float=470 exact=470
  remove 12: base38 T=433 best reinsertion float=470 exact=470
  remove 13: base38 T=433 best reinsertion float=470 exact=470
  remove 14: base38 T=433 best reinsertion float=470 exact=470
  remove 15: base38 T=433 best reinsertion float=470 exact=470
  remove 16: base38 T=433 best reinsertion float=470 exact=470
  remove 17: base38 T=433 best reinsertion float=470 exact=470
  remove 18: base38 T=433 best reinsertion float=470 exact=470
  remove 19: base38 T=433 best reinsertion float=470 exact=470
  remove 20: base38 T=433 best reinsertion float=470 exact=470
  remove 21: base38 T=433 best reinsertion float=470 exact=470
  remove 22: base38 T=433 best reinsertion float=470 exact=470
  remove 23: base38 T=433 best reinsertion float=470 exact=470
  remove 24: base38 T=433 best reinsertion float=470 exact=470
  remove 25: base38 T=433 best reinsertion float=470 exact=470
  remove 26: base38 T=433 best reinsertion float=470 exact=470
  remove 27: base38 T=449 best reinsertion float=470 exact=470
  remove 28: base38 T=433 best reinsertion float=470 exact=470
  remove 29: base38 T=433 best reinsertion float=470 exact=470
  remove 30: base38 T=433 best reinsertion float=470 exact=470
  remove 31: base38 T=433 best reinsertion float=470 exact=470
  remove 32: base38 T=433 best reinsertion float=470 exact=470
  remove 33: base38 T=433 best reinsertion float=470 exact=470
  remove 34: base38 T=434 best reinsertion float=470 exact=470
  remove 35: base38 T=433 best reinsertion float=470 exact=470
  remove 36: base38 T=442 best reinsertion float=470 exact=470
  remove 37: base38 T=433 best reinsertion float=470 exact=470
  remove 38: base38 T=433 best reinsertion float=470 exact=470
lns lns/n39_470_l470-38-74kq3v76alw-lns_final.json n=39 exact T=470
  remove 0: base38 T=434 best reinsertion float=470 exact=470
  remove 1: base38 T=434 best reinsertion float=470 exact=470
  remove 2: base38 T=434 best reinsertion float=470 exact=470
  remove 3: base38 T=434 best reinsertion float=470 exact=470
  remove 4: base38 T=434 best reinsertion float=470 exact=470
  remove 5: base38 T=434 best reinsertion float=470 exact=470
  remove 6: base38 T=434 best reinsertion float=470 exact=470
  remove 7: base38 T=434 best reinsertion float=470 exact=470
  remove 8: base38 T=435 best reinsertion float=470 exact=470
  remove 9: base38 T=434 best reinsertion float=470 exact=470
  remove 10: base38 T=440 best reinsertion float=470 exact=470
  remove 11: base38 T=433 best reinsertion float=470 exact=470
  remove 12: base38 T=433 best reinsertion float=470 exact=470
  remove 13: base38 T=433 best reinsertion float=470 exact=470
  remove 14: base38 T=433 best reinsertion float=470 exact=470
  remove 15: base38 T=433 best reinsertion float=470 exact=470
  remove 16: base38 T=433 best reinsertion float=470 exact=470
  remove 17: base38 T=448 best reinsertion float=470 exact=470
  remove 18: base38 T=433 best reinsertion float=470 exact=470
  remove 19: base38 T=433 best reinsertion float=470 exact=470
  remove 20: base38 T=433 best reinsertion float=470 exact=470
  remove 21: base38 T=433 best reinsertion float=470 exact=470
  remove 22: base38 T=433 best reinsertion float=470 exact=470
  remove 23: base38 T=433 best reinsertion float=470 exact=470
  remove 24: base38 T=433 best reinsertion float=470 exact=470
  remove 25: base38 T=442 best reinsertion float=470 exact=470
  remove 26: base38 T=433 best reinsertion float=470 exact=470
  remove 27: base38 T=433 best reinsertion float=470 exact=470
  remove 28: base38 T=433 best reinsertion float=470 exact=470
  remove 29: base38 T=433 best reinsertion float=470 exact=470
  remove 30: base38 T=433 best reinsertion float=470 exact=470
  remove 31: base38 T=433 best reinsertion float=470 exact=470
  remove 32: base38 T=433 best reinsertion float=470 exact=470
  remove 33: base38 T=433 best reinsertion float=470 exact=470
  remove 34: base38 T=433 best reinsertion float=470 exact=470
  remove 35: base38 T=434 best reinsertion float=470 exact=470
  remove 36: base38 T=433 best reinsertion float=470 exact=470
  remove 37: base38 T=433 best reinsertion float=470 exact=470
  remove 38: base38 T=433 best reinsertion float=470 exact=470
lns added/n39_469_u38-grow.json n=39 exact T=469
  remove 0: base38 T=432 best reinsertion float=469 exact=469
  remove 1: base38 T=432 best reinsertion float=469 exact=469
  remove 2: base38 T=432 best reinsertion float=469 exact=469
  remove 3: base38 T=432 best reinsertion float=469 exact=469
  remove 4: base38 T=432 best reinsertion float=469 exact=469
  remove 5: base38 T=432 best reinsertion float=469 exact=469
  remove 6: base38 T=432 best reinsertion float=469 exact=469
  remove 7: base38 T=432 best reinsertion float=469 exact=469
  remove 8: base38 T=432 best reinsertion float=469 exact=469
  remove 9: base38 T=432 best reinsertion float=469 exact=469
  remove 10: base38 T=432 best reinsertion float=469 exact=469
  remove 11: base38 T=433 best reinsertion float=469 exact=469
  remove 12: base38 T=434 best reinsertion float=469 exact=469
  remove 13: base38 T=448 best reinsertion float=469 exact=469
  remove 14: base38 T=433 best reinsertion float=469 exact=469
  remove 15: base38 T=433 best reinsertion float=469 exact=469
  remove 16: base38 T=432 best reinsertion float=469 exact=469
  remove 17: base38 T=433 best reinsertion float=469 exact=469
  remove 18: base38 T=433 best reinsertion float=469 exact=469
  remove 19: base38 T=432 best reinsertion float=469 exact=469
  remove 20: base38 T=435 best reinsertion float=469 exact=469
  remove 21: base38 T=432 best reinsertion float=469 exact=469
  remove 22: base38 T=432 best reinsertion float=469 exact=469
  remove 23: base38 T=432 best reinsertion float=469 exact=469
  remove 24: base38 T=432 best reinsertion float=469 exact=469
  remove 25: base38 T=432 best reinsertion float=469 exact=469
  remove 26: base38 T=432 best reinsertion float=469 exact=469
  remove 27: base38 T=432 best reinsertion float=469 exact=469
  remove 28: base38 T=432 best reinsertion float=469 exact=469
  remove 29: base38 T=432 best reinsertion float=469 exact=469
  remove 30: base38 T=432 best reinsertion float=469 exact=469
  remove 31: base38 T=432 best reinsertion float=469 exact=469
  remove 32: base38 T=432 best reinsertion float=469 exact=469
  remove 33: base38 T=432 best reinsertion float=469 exact=469
  remove 34: base38 T=432 best reinsertion float=469 exact=469
  remove 35: base38 T=432 best reinsertion float=469 exact=469
  remove 36: base38 T=432 best reinsertion float=469 exact=469
  remove 37: base38 T=432 best reinsertion float=469 exact=469
  remove 38: base38 T=450 best reinsertion float=469 exact=469
SAVED research/n39_candidates/exins_g38/n39_470_exins_38-zdh4d8nnmnc4.json
SAVED research/n39_candidates/exins_g38/n39_470_exins_38-j3l3am3k8n68.json
SAVED research/n39_candidates/exins_g38/n39_470_exins_38-74kq3v76alw.json
SAVED research/n39_candidates/exins_g38/n39_470_exins_38-3hwrr6b81hu5s.json
SAVED research/n39_candidates/exins_g38/n39_470_exins_38-3dij0j432ovly.json
SAVED research/n39_candidates/exins_g38/n39_470_exins_38-2nya4v3706c5g.json
SAVED research/n39_candidates/exins_g38/n39_470_exins_38-2jwrwxg032wq0.json
SAVED research/n39_candidates/exins_g38/n39_470_exins_38-2a2r81ipzf5by.json
SAVED research/n39_candidates/exins_g38/n39_470_exins_38-1xf8qqgn96wzi.json
SAVED research/n39_candidates/exins_g38/n39_470_exins_38-1v8mw732nh41m.json
SAVED research/n39_candidates/exins_g38/n39_470_exins_38-15ozwt43anbui.json
BEST 470
